---
source: tests/state_render.rs
expression: svg
---
<svg height="484" viewBox="0 0 284 484" width="284" xmlns="http://www.w3.org/2000/svg">
<defs>
<marker id="state-arrow" markerHeight="8" markerWidth="8" orient="auto" refX="7" refY="4">
<polygon fill="#181818" points="0 0, 8 4, 0 8"/>
</marker>
</defs>
<style>
text{font-family:"Liberation Sans",Helvetica,Arial,sans-serif;font-size:13px;fill:#181818}.participant-box{fill:#dae8fc;stroke:#6c8ebf;stroke-width:1.5}.lifeline{stroke:#6c8ebf;stroke-width:1;stroke-dasharray:6,4}.activation{fill:#cce0ff;stroke:#6c8ebf;stroke-width:1}.arrow{stroke:#181818;stroke-width:1.5;fill:none}.arrow-dashed{stroke:#181818;stroke-width:1.5;fill:none;stroke-dasharray:6,3}.note-box{fill:#ffffc0;stroke:#bbbb00;stroke-width:1}.divider-line{stroke:#888888;stroke-width:1.5;stroke-dasharray:8,3}.divider-label{font-weight:bold}.title{font-size:15px;font-weight:bold}.class-line{stroke:#181818;stroke-width:1.5;fill:none}.class-line-dashed{stroke:#181818;stroke-width:1.5;fill:none;stroke-dasharray:6,3}.bg{fill:#ffffff}@media (prefers-color-scheme:dark){text{fill:#e8e8e8}.bg{fill:#1e1e1e}.arrow,.class-line{stroke:#e8e8e8}.arrow-dashed,.class-line-dashed{stroke:#e8e8e8}.divider-line{stroke:#aaaaaa}}
</style>
<rect class="bg" fill="#ffffff" height="100%" width="100%"/>
<g>
<path class="arrow" d="M76,54 L76,79 L100,79 L100,104" marker-end="url(#state-arrow)"/>
</g>
<g>
<path class="arrow" d="M100,140 L100,190" marker-end="url(#state-arrow)"/>
<text font-size="11" text-anchor="start" x="108" y="169">
poll
</text>
</g>
<g>
<path class="arrow" d="M100,222 L100,358" marker-end="url(#state-arrow)"/>
<text font-size="11" text-anchor="start" x="108" y="294">
ready
</text>
</g>
<g>
<path class="arrow" d="M100,222 L100,272" marker-end="url(#state-arrow)"/>
<text font-size="11" text-anchor="start" x="108" y="251">
wait
</text>
</g>
<g>
<path class="arrow" d="M160,376 L190,376 L190,370 L220,370" marker-end="url(#state-arrow)"/>
<text font-size="11" text-anchor="end" x="182" y="377">
resume
</text>
</g>
<g>
<path class="arrow" d="M100,308 L100,358" marker-end="url(#state-arrow)"/>
<text font-size="11" text-anchor="start" x="108" y="337">
go
</text>
</g>
<g>
<path class="arrow" d="M100,358 L100,206 L76,206 L76,54" marker-end="url(#state-arrow)"/>
</g>
<g>
<circle cx="76" cy="42" fill="#181818" r="12"/>
</g>
<g>
<rect fill="none" height="36" rx="10" ry="10" stroke="#6c8ebf" stroke-width="1.5" width="120" x="40" y="104"/>
<text font-size="13" text-anchor="middle" x="100" y="126.33333333333333">
Idle
</text>
</g>
<g>
<polygon fill="none" points="100,190 116,206 100,222 84,206" stroke="#d6b656" stroke-width="1.5"/>
</g>
<g>
<rect fill="none" height="36" rx="10" ry="10" stroke="#6c8ebf" stroke-width="1.5" width="120" x="40" y="358"/>
<text font-size="13" text-anchor="middle" x="100" y="380.3333333333333">
Active
</text>
</g>
<g>
<rect fill="none" height="36" rx="10" ry="10" stroke="#6c8ebf" stroke-width="1.5" width="120" x="40" y="272"/>
<text font-size="13" text-anchor="middle" x="100" y="294.3333333333333">
Paused
</text>
</g>
<g>
<circle class="arrow" cx="232" cy="370" fill="none" r="12"/>
<text font-size="11" font-weight="bold" text-anchor="middle" x="232" y="374.3333333333333">
H
</text>
</g>
</svg>
